> Task :gradle-plugin:settings-plugin:checkKotlinGradlePluginConfigurationErrors SKIPPED
> Task :gradle-plugin:shared:checkKotlinGradlePluginConfigurationErrors SKIPPED
> Task :gradle-plugin:shared:compileKotlin UP-TO-DATE
> Task :gradle-plugin:shared:compileJava NO-SOURCE
> Task :gradle-plugin:shared:processResources NO-SOURCE
> Task :gradle-plugin:shared:classes UP-TO-DATE
> Task :gradle-plugin:shared:jar UP-TO-DATE
> Task :gradle-plugin:settings-plugin:compileKotlin UP-TO-DATE
> Task :gradle-plugin:settings-plugin:compileJava NO-SOURCE
> Task :gradle-plugin:settings-plugin:pluginDescriptors UP-TO-DATE
> Task :gradle-plugin:settings-plugin:processResources UP-TO-DATE
> Task :gradle-plugin:settings-plugin:classes UP-TO-DATE
> Task :gradle-plugin:settings-plugin:jar UP-TO-DATE
> Task :gradle-plugin:react-native-gradle-plugin:checkKotlinGradlePluginConfigurationErrors SKIPPED
> Task :gradle-plugin:react-native-gradle-plugin:compileKotlin UP-TO-DATE
> Task :gradle-plugin:react-native-gradle-plugin:compileJava NO-SOURCE
> Task :gradle-plugin:react-native-gradle-plugin:pluginDescriptors UP-TO-DATE
> Task :gradle-plugin:react-native-gradle-plugin:processResources UP-TO-DATE
> Task :gradle-plugin:react-native-gradle-plugin:classes UP-TO-DATE
> Task :gradle-plugin:react-native-gradle-plugin:jar UP-TO-DATE
> Task :app:generateAutolinkingNewArchitectureFiles
> Task :app:generateAutolinkingPackageList
> Task :app:generateCodegenSchemaFromJavaScript SKIPPED
> Task :app:generateCodegenArtifactsFromSchema SKIPPED
> Task :app:generateReactNativeEntryPoint
> Task :maplibre_maplibre-react-native:generateCodegenSchemaFromJavaScript
> Task :maplibre_maplibre-react-native:generateCodegenArtifactsFromSchema
> Task :maplibre_maplibre-react-native:preBuild
> Task :react-native-community_netinfo:generateCodegenSchemaFromJavaScript
> Task :react-native-community_netinfo:generateCodegenArtifactsFromSchema
> Task :react-native-community_netinfo:preBuild
> Task :react-native-safe-area-context:generateCodegenSchemaFromJavaScript UP-TO-DATE
> Task :react-native-safe-area-context:generateCodegenArtifactsFromSchema UP-TO-DATE
> Task :react-native-safe-area-context:preBuild UP-TO-DATE
> Task :react-native-screens:generateCodegenSchemaFromJavaScript UP-TO-DATE
> Task :react-native-screens:generateCodegenArtifactsFromSchema UP-TO-DATE
> Task :react-native-screens:preBuild UP-TO-DATE
> Task :react-native-svg:generateCodegenSchemaFromJavaScript UP-TO-DATE
> Task :react-native-svg:generateCodegenArtifactsFromSchema UP-TO-DATE
> Task :react-native-svg:preBuild UP-TO-DATE
> Task :app:preBuild
> Task :app:preDebugBuild
> Task :app:mergeDebugNativeDebugMetadata NO-SOURCE
> Task :app:checkKotlinGradlePluginConfigurationErrors SKIPPED
> Task :app:generateDebugBuildConfig UP-TO-DATE
> Task :maplibre_maplibre-react-native:preDebugBuild
> Task :react-native-community_netinfo:preDebugBuild
> Task :react-native-safe-area-context:preDebugBuild UP-TO-DATE
> Task :react-native-safe-area-context:writeDebugAarMetadata UP-TO-DATE
> Task :react-native-screens:preDebugBuild UP-TO-DATE
> Task :react-native-screens:writeDebugAarMetadata UP-TO-DATE
> Task :react-native-svg:preDebugBuild UP-TO-DATE
> Task :maplibre_maplibre-react-native:writeDebugAarMetadata
> Task :react-native-community_netinfo:writeDebugAarMetadata
> Task :react-native-svg:writeDebugAarMetadata UP-TO-DATE
> Task :app:generateDebugResValues UP-TO-DATE
> Task :maplibre_maplibre-react-native:generateDebugResValues
> Task :maplibre_maplibre-react-native:generateDebugResources
> Task :app:checkDebugAarMetadata
> Task :maplibre_maplibre-react-native:packageDebugResources
> Task :react-native-community_netinfo:generateDebugResValues
> Task :react-native-community_netinfo:generateDebugResources
> Task :react-native-community_netinfo:packageDebugResources
> Task :react-native-safe-area-context:generateDebugResValues UP-TO-DATE
> Task :react-native-safe-area-context:generateDebugResources UP-TO-DATE
> Task :react-native-safe-area-context:packageDebugResources UP-TO-DATE
> Task :react-native-screens:generateDebugResValues UP-TO-DATE
> Task :react-native-screens:generateDebugResources UP-TO-DATE
> Task :react-native-screens:packageDebugResources UP-TO-DATE
> Task :react-native-svg:generateDebugResValues UP-TO-DATE
> Task :react-native-svg:generateDebugResources UP-TO-DATE
> Task :react-native-svg:packageDebugResources UP-TO-DATE
> Task :app:mapDebugSourceSetPaths
> Task :app:generateDebugResources UP-TO-DATE
> Task :app:packageDebugResources UP-TO-DATE
> Task :app:parseDebugLocalResources UP-TO-DATE
> Task :app:createDebugCompatibleScreenManifests UP-TO-DATE
> Task :app:extractDeepLinksDebug UP-TO-DATE
> Task :maplibre_maplibre-react-native:extractDeepLinksDebug
> Task :react-native-community_netinfo:extractDeepLinksDebug
> Task :react-native-safe-area-context:extractDeepLinksDebug UP-TO-DATE
> Task :react-native-safe-area-context:processDebugManifest UP-TO-DATE
> Task :react-native-screens:extractDeepLinksDebug UP-TO-DATE
> Task :react-native-screens:processDebugManifest UP-TO-DATE
> Task :react-native-svg:extractDeepLinksDebug UP-TO-DATE
> Task :react-native-svg:processDebugManifest UP-TO-DATE
> Task :maplibre_maplibre-react-native:compileDebugLibraryResources
> Task :react-native-community_netinfo:compileDebugLibraryResources
> Task :react-native-safe-area-context:compileDebugLibraryResources UP-TO-DATE
> Task :react-native-safe-area-context:parseDebugLocalResources UP-TO-DATE
> Task :react-native-safe-area-context:generateDebugRFile UP-TO-DATE
> Task :react-native-screens:compileDebugLibraryResources UP-TO-DATE
> Task :react-native-screens:parseDebugLocalResources UP-TO-DATE
> Task :react-native-screens:generateDebugRFile UP-TO-DATE
> Task :react-native-svg:compileDebugLibraryResources UP-TO-DATE
> Task :react-native-svg:parseDebugLocalResources UP-TO-DATE
> Task :react-native-svg:generateDebugRFile UP-TO-DATE
> Task :maplibre_maplibre-react-native:checkKotlinGradlePluginConfigurationErrors SKIPPED
> Task :maplibre_maplibre-react-native:generateDebugBuildConfig
> Task :react-native-community_netinfo:generateDebugBuildConfig
> Task :react-native-safe-area-context:checkKotlinGradlePluginConfigurationErrors SKIPPED
> Task :maplibre_maplibre-react-native:javaPreCompileDebug
> Task :react-native-community_netinfo:javaPreCompileDebug
> Task :react-native-safe-area-context:generateDebugBuildConfig UP-TO-DATE
> Task :react-native-community_netinfo:parseDebugLocalResources
> Task :maplibre_maplibre-react-native:parseDebugLocalResources
> Task :react-native-safe-area-context:compileDebugKotlin UP-TO-DATE
> Task :maplibre_maplibre-react-native:processDebugManifest

> Task :react-native-community_netinfo:processDebugManifest
package="com.reactnativecommunity.netinfo" found in source AndroidManifest.xml: C:\Projetos\EntregasApp\node_modules\@react-native-community\netinfo\android\src\main\AndroidManifest.xml.
Setting the namespace via the package attribute in the source AndroidManifest.xml is no longer supported, and the value is ignored.
Recommendation: remove package="com.reactnativecommunity.netinfo" from the source AndroidManifest.xml: C:\Projetos\EntregasApp\node_modules\@react-native-community\netinfo\android\src\main\AndroidManifest.xml.

> Task :maplibre_maplibre-react-native:generateDebugRFile
> Task :react-native-community_netinfo:generateDebugRFile
> Task :app:mergeDebugResources
> Task :app:processDebugMainManifest
> Task :app:processDebugManifest
> Task :app:processDebugManifestForPackage
> Task :app:processDebugResources

> Task :react-native-community_netinfo:compileDebugJavaWithJavac
C:\Projetos\EntregasApp\node_modules\@react-native-community\netinfo\android\src\newarch\com\reactnativecommunity\netinfo\NetInfoModule.java:43: warning: [removal] onCatalystInstanceDestroy() in NativeModule has been deprecated and marked for removal
    public void onCatalystInstanceDestroy() {
                ^
Note: Some input files use or override a deprecated API.
Note: Recompile with -Xlint:deprecation for details.
1 warning

> Task :react-native-safe-area-context:javaPreCompileDebug UP-TO-DATE
> Task :react-native-safe-area-context:compileDebugJavaWithJavac UP-TO-DATE
> Task :react-native-safe-area-context:bundleLibCompileToJarDebug UP-TO-DATE
> Task :react-native-screens:checkKotlinGradlePluginConfigurationErrors SKIPPED
> Task :react-native-screens:generateDebugBuildConfig UP-TO-DATE
> Task :react-native-community_netinfo:bundleLibCompileToJarDebug
> Task :react-native-screens:compileDebugKotlin UP-TO-DATE
> Task :react-native-screens:javaPreCompileDebug UP-TO-DATE
> Task :react-native-screens:compileDebugJavaWithJavac UP-TO-DATE
> Task :react-native-screens:bundleLibCompileToJarDebug UP-TO-DATE
> Task :react-native-svg:generateDebugBuildConfig UP-TO-DATE
> Task :react-native-svg:javaPreCompileDebug UP-TO-DATE
> Task :react-native-svg:compileDebugJavaWithJavac UP-TO-DATE
> Task :react-native-svg:bundleLibCompileToJarDebug UP-TO-DATE
> Task :app:javaPreCompileDebug UP-TO-DATE
> Task :app:mergeDebugShaders UP-TO-DATE
> Task :app:compileDebugShaders NO-SOURCE
> Task :app:generateDebugAssets UP-TO-DATE
> Task :maplibre_maplibre-react-native:mergeDebugShaders
> Task :maplibre_maplibre-react-native:compileDebugShaders NO-SOURCE
> Task :maplibre_maplibre-react-native:generateDebugAssets UP-TO-DATE
> Task :maplibre_maplibre-react-native:mergeDebugAssets
> Task :react-native-community_netinfo:mergeDebugShaders
> Task :react-native-community_netinfo:compileDebugShaders NO-SOURCE
> Task :react-native-community_netinfo:generateDebugAssets UP-TO-DATE
> Task :react-native-community_netinfo:mergeDebugAssets
> Task :react-native-safe-area-context:mergeDebugShaders UP-TO-DATE
> Task :react-native-safe-area-context:compileDebugShaders NO-SOURCE
> Task :react-native-safe-area-context:generateDebugAssets UP-TO-DATE
> Task :react-native-safe-area-context:mergeDebugAssets UP-TO-DATE
> Task :react-native-screens:mergeDebugShaders UP-TO-DATE
> Task :react-native-screens:compileDebugShaders NO-SOURCE
> Task :react-native-screens:generateDebugAssets UP-TO-DATE
> Task :react-native-screens:mergeDebugAssets UP-TO-DATE
> Task :react-native-svg:mergeDebugShaders UP-TO-DATE
> Task :react-native-svg:compileDebugShaders NO-SOURCE
> Task :react-native-svg:generateDebugAssets UP-TO-DATE
> Task :react-native-svg:mergeDebugAssets UP-TO-DATE
> Task :app:mergeDebugAssets UP-TO-DATE
> Task :app:compressDebugAssets UP-TO-DATE
> Task :react-native-safe-area-context:bundleLibRuntimeToJarDebug UP-TO-DATE
> Task :react-native-screens:bundleLibRuntimeToJarDebug UP-TO-DATE
> Task :react-native-svg:bundleLibRuntimeToJarDebug UP-TO-DATE
> Task :app:desugarDebugFileDependencies UP-TO-DATE
> Task :react-native-community_netinfo:processDebugJavaRes NO-SOURCE
> Task :react-native-community_netinfo:bundleLibRuntimeToJarDebug
> Task :react-native-safe-area-context:processDebugJavaRes UP-TO-DATE
> Task :react-native-screens:processDebugJavaRes UP-TO-DATE
> Task :react-native-svg:processDebugJavaRes NO-SOURCE
> Task :react-native-safe-area-context:bundleLibRuntimeToDirDebug UP-TO-DATE
> Task :react-native-screens:bundleLibRuntimeToDirDebug UP-TO-DATE
> Task :react-native-svg:bundleLibRuntimeToDirDebug UP-TO-DATE
> Task :app:checkDebugDuplicateClasses
> Task :app:configureCMakeDebug[arm64-v8a]
> Task :react-native-community_netinfo:bundleLibRuntimeToDirDebug
> Task :maplibre_maplibre-react-native:compileDebugKotlin
> Task :app:mergeExtDexDebug
> Task :app:buildCMakeDebug[arm64-v8a]

> Task :maplibre_maplibre-react-native:compileDebugKotlin
w: file:///C:/Projetos/EntregasApp/node_modules/@maplibre/maplibre-react-native/android/src/main/java/org/maplibre/reactnative/components/AbstractEvent.kt:5:8 'interface RCTEventEmitter : JavaScriptModule' is deprecated. Use [RCTModernEventEmitter] instead.
w: file:///C:/Projetos/EntregasApp/node_modules/@maplibre/maplibre-react-native/android/src/main/java/org/maplibre/reactnative/components/AbstractEvent.kt:12:5 'constructor<T : Event<T>>(viewTag: Int): Event<T>' is deprecated. Use constructor with explicit surfaceId instead.
w: file:///C:/Projetos/EntregasApp/node_modules/@maplibre/maplibre-react-native/android/src/main/java/org/maplibre/reactnative/components/AbstractEvent.kt:15:18 This declaration overrides a deprecated member but is not marked as deprecated itself. Add the '@Deprecated' annotation or suppress the diagnostic.
w: file:///C:/Projetos/EntregasApp/node_modules/@maplibre/maplibre-react-native/android/src/main/java/org/maplibre/reactnative/components/AbstractEvent.kt:15:44 'interface RCTEventEmitter : JavaScriptModule' is deprecated. Use [RCTModernEventEmitter] instead.
w: file:///C:/Projetos/EntregasApp/node_modules/@maplibre/maplibre-react-native/android/src/main/java/org/maplibre/reactnative/components/AbstractEvent.kt:16:25 'fun receiveEvent(targetTag: Int, eventName: String, params: WritableMap?): Unit' is deprecated. Use [RCTModernEventEmitter.receiveEvent] instead.
w: file:///C:/Projetos/EntregasApp/node_modules/@maplibre/maplibre-react-native/android/src/main/java/org/maplibre/reactnative/components/AbstractEventEmitter.kt:5:8 'object MapBuilder : Any' is deprecated. Use Kotlin's built-in collections extensions.
w: file:///C:/Projetos/EntregasApp/node_modules/@maplibre/maplibre-react-native/android/src/main/java/org/maplibre/reactnative/components/AbstractEventEmitter.kt:58:17 'object MapBuilder : Any' is deprecated. Use Kotlin's built-in collections extensions.
w: file:///C:/Projetos/EntregasApp/node_modules/@maplibre/maplibre-react-native/android/src/main/java/org/maplibre/reactnative/components/camera/MLRNCamera.kt:84:36 'fun getEventDispatcherForReactTag(context: ReactContext, reactTag: Int): EventDispatcher?' is deprecated. reactTag is no longer needed.
w: file:///C:/Projetos/EntregasApp/node_modules/@maplibre/maplibre-react-native/android/src/main/java/org/maplibre/reactnative/components/images/MLRNImages.kt:116:18 'fun execute(vararg p0: (Mutable)Map.(Mutable)Entry<String!, ImageEntry!>!): AsyncTask<(Mutable)Map.(Mutable)Entry<String!, ImageEntry!>!, Void!, (Mutable)List<(Mutable)Map.(Mutable)Entry<String!, DownloadedImage!>!>!>!' is deprecated. Deprecated in Java.
w: file:///C:/Projetos/EntregasApp/node_modules/@maplibre/maplibre-react-native/android/src/main/java/org/maplibre/reactnative/components/images/MLRNImages.kt:129:14 'fun execute(vararg p0: (Mutable)Map.(Mutable)Entry<String!, ImageEntry!>!): AsyncTask<(Mutable)Map.(Mutable)Entry<String!, ImageEntry!>!, Void!, (Mutable)List<(Mutable)Map.(Mutable)Entry<String!, DownloadedImage!>!>!>!' is deprecated. Deprecated in Java.
w: file:///C:/Projetos/EntregasApp/node_modules/@maplibre/maplibre-react-native/android/src/main/java/org/maplibre/reactnative/components/images/MLRNImages.kt:139:36 'fun getEventDispatcherForReactTag(context: ReactContext, reactTag: Int): EventDispatcher?' is deprecated. reactTag is no longer needed.
w: file:///C:/Projetos/EntregasApp/node_modules/@maplibre/maplibre-react-native/android/src/main/java/org/maplibre/reactnative/components/layer/style/MLRNStyle.kt:58:14 'fun execute(vararg p0: (Mutable)Map.(Mutable)Entry<String!, ImageEntry!>!): AsyncTask<(Mutable)Map.(Mutable)Entry<String!, ImageEntry!>!, Void!, (Mutable)List<(Mutable)Map.(Mutable)Entry<String!, DownloadedImage!>!>!>!' is deprecated. Deprecated in Java.
w: file:///C:/Projetos/EntregasApp/node_modules/@maplibre/maplibre-react-native/android/src/main/java/org/maplibre/reactnative/components/location/LocationComponentManager.kt:156:22 'fun padding(p0: IntArray?): LocationComponentOptions.Builder' is deprecated. Deprecated in Java.
w: file:///C:/Projetos/EntregasApp/node_modules/@maplibre/maplibre-react-native/android/src/main/java/org/maplibre/reactnative/components/location/LocationComponentManager.kt:156:36 'fun getPadding(): IntArray' is deprecated. Deprecated in Java.
w: file:///C:/Projetos/EntregasApp/node_modules/@maplibre/maplibre-react-native/android/src/main/java/org/maplibre/reactnative/components/mapview/MLRNMapView.kt:183:36 'fun getEventDispatcherForReactTag(context: ReactContext, reactTag: Int): EventDispatcher?' is deprecated. reactTag is no longer needed.
w: file:///C:/Projetos/EntregasApp/node_modules/@maplibre/maplibre-react-native/android/src/main/java/org/maplibre/reactnative/components/mapview/MLRNMapView.kt:1346:23 'fun setPadding(p0: Int, p1: Int, p2: Int, p3: Int): Unit' is deprecated. Deprecated in Java.
w: file:///C:/Projetos/EntregasApp/node_modules/@maplibre/maplibre-react-native/android/src/main/java/org/maplibre/reactnative/components/mapview/MLRNMapViewManager.kt:10:8 'class LayoutShadowNode : ReactShadowNodeImpl' is deprecated. This class is part of Legacy Architecture and will be removed in a future release.
w: file:///C:/Projetos/EntregasApp/node_modules/@maplibre/maplibre-react-native/android/src/main/java/org/maplibre/reactnative/components/mapview/MLRNMapViewManager.kt:37:46 'class LayoutShadowNode : ReactShadowNodeImpl' is deprecated. This class is part of Legacy Architecture and will be removed in a future release.
w: file:///C:/Projetos/EntregasApp/node_modules/@maplibre/maplibre-react-native/android/src/main/java/org/maplibre/reactnative/components/mapview/MLRNMapViewManager.kt:39:50 'class LayoutShadowNode : ReactShadowNodeImpl' is deprecated. This class is part of Legacy Architecture and will be removed in a future release.
w: file:///C:/Projetos/EntregasApp/node_modules/@maplibre/maplibre-react-native/android/src/main/java/org/maplibre/reactnative/components/mapview/MLRNMapViewManager.kt:254:9 'class LayoutShadowNode : ReactShadowNodeImpl' is deprecated. This class is part of Legacy Architecture and will be removed in a future release.
w: file:///C:/Projetos/EntregasApp/node_modules/@maplibre/maplibre-react-native/android/src/main/java/org/maplibre/reactnative/components/sources/MLRNSource.kt:36:36 'fun getEventDispatcherForReactTag(context: ReactContext, reactTag: Int): EventDispatcher?' is deprecated. reactTag is no longer needed.
w: file:///C:/Projetos/EntregasApp/node_modules/@maplibre/maplibre-react-native/android/src/main/java/org/maplibre/reactnative/components/sources/imagesource/MLRNImageSource.kt:27:13 'constructor(id: String?, coordinates: LatLngQuad?, url: URL): ImageSource' is deprecated. use {@link ImageSource#ImageSource(String, LatLngQuad, URI)} instead.
w: file:///C:/Projetos/EntregasApp/node_modules/@maplibre/maplibre-react-native/android/src/main/java/org/maplibre/reactnative/components/sources/imagesource/MLRNImageSource.kt:39:26 'fun getInstance(): ResourceDrawableIdHelper' is deprecated. Use .instance instead, this API is for backward compat.
w: file:///C:/Projetos/EntregasApp/node_modules/@maplibre/maplibre-react-native/android/src/main/java/org/maplibre/reactnative/utils/ReactTagResolver.kt:63:41 Unchecked cast of 'View?' to 'V (of fun <V> withViewResolved)'.
w: file:///C:/Projetos/EntregasApp/node_modules/@maplibre/maplibre-react-native/android/src/main/java/org/maplibre/reactnative/utils/ReactTagResolver.kt:77:41 Unchecked cast of 'View' to 'V (of fun <V> withViewResolved)'.

> Task :maplibre_maplibre-react-native:compileDebugJavaWithJavac
Note: Some input files use or override a deprecated API.
Note: Recompile with -Xlint:deprecation for details.

> Task :maplibre_maplibre-react-native:bundleLibCompileToJarDebug
> Task :maplibre_maplibre-react-native:bundleLibRuntimeToJarDebug
> Task :maplibre_maplibre-react-native:processDebugJavaRes
> Task :app:configureCMakeDebug[armeabi-v7a]
> Task :maplibre_maplibre-react-native:bundleLibRuntimeToDirDebug
> Task :app:compileDebugKotlin
> Task :app:buildCMakeDebug[armeabi-v7a]
> Task :app:compileDebugJavaWithJavac
> Task :app:dexBuilderDebug
> Task :app:processDebugJavaRes UP-TO-DATE
> Task :app:mergeDebugGlobalSynthetics
> Task :app:configureCMakeDebug[x86]
> Task :app:mergeProjectDexDebug
> Task :app:mergeDebugJavaResource
> Task :app:buildCMakeDebug[x86]
> Task :app:configureCMakeDebug[x86_64]
> Task :app:mergeLibDexDebug
> Task :app:buildCMakeDebug[x86_64]
> Task :app:mergeDebugJniLibFolders UP-TO-DATE
> Task :maplibre_maplibre-react-native:mergeDebugJniLibFolders
> Task :maplibre_maplibre-react-native:mergeDebugNativeLibs NO-SOURCE
> Task :maplibre_maplibre-react-native:copyDebugJniLibsProjectOnly
> Task :react-native-community_netinfo:mergeDebugJniLibFolders
> Task :react-native-community_netinfo:mergeDebugNativeLibs NO-SOURCE
> Task :react-native-community_netinfo:copyDebugJniLibsProjectOnly
> Task :react-native-safe-area-context:mergeDebugJniLibFolders UP-TO-DATE
> Task :react-native-safe-area-context:mergeDebugNativeLibs NO-SOURCE
> Task :react-native-safe-area-context:copyDebugJniLibsProjectOnly UP-TO-DATE
> Task :react-native-screens:configureCMakeDebug[arm64-v8a]
> Task :react-native-screens:buildCMakeDebug[arm64-v8a]
> Task :react-native-screens:configureCMakeDebug[armeabi-v7a]
> Task :react-native-screens:buildCMakeDebug[armeabi-v7a]
> Task :react-native-screens:configureCMakeDebug[x86]
> Task :react-native-screens:buildCMakeDebug[x86]
> Task :react-native-screens:configureCMakeDebug[x86_64]
> Task :react-native-screens:buildCMakeDebug[x86_64]
> Task :react-native-screens:mergeDebugJniLibFolders UP-TO-DATE
> Task :react-native-screens:mergeDebugNativeLibs UP-TO-DATE
> Task :react-native-screens:copyDebugJniLibsProjectOnly UP-TO-DATE
> Task :react-native-svg:mergeDebugJniLibFolders UP-TO-DATE
> Task :react-native-svg:mergeDebugNativeLibs NO-SOURCE
> Task :react-native-svg:copyDebugJniLibsProjectOnly UP-TO-DATE
> Task :app:validateSigningDebug UP-TO-DATE
> Task :app:writeDebugAppMetadata UP-TO-DATE
> Task :app:writeDebugSigningConfigVersions UP-TO-DATE
> Task :maplibre_maplibre-react-native:stripDebugDebugSymbols NO-SOURCE
> Task :maplibre_maplibre-react-native:copyDebugJniLibsProjectAndLocalJars
> Task :maplibre_maplibre-react-native:extractDebugAnnotations
> Task :maplibre_maplibre-react-native:extractDeepLinksForAarDebug
> Task :maplibre_maplibre-react-native:mergeDebugGeneratedProguardFiles
> Task :maplibre_maplibre-react-native:mergeDebugConsumerProguardFiles
> Task :maplibre_maplibre-react-native:prepareDebugArtProfile
> Task :maplibre_maplibre-react-native:prepareLintJarForPublish
> Task :react-native-community_netinfo:stripDebugDebugSymbols NO-SOURCE
> Task :react-native-community_netinfo:copyDebugJniLibsProjectAndLocalJars
> Task :maplibre_maplibre-react-native:mergeDebugJavaResource
> Task :react-native-community_netinfo:extractDebugAnnotations
> Task :app:mergeDebugNativeLibs
> Task :maplibre_maplibre-react-native:syncDebugLibJars
> Task :maplibre_maplibre-react-native:bundleDebugAar
> Task :maplibre_maplibre-react-native:assembleDebug
> Task :react-native-community_netinfo:extractDeepLinksForAarDebug
> Task :react-native-community_netinfo:mergeDebugGeneratedProguardFiles
> Task :react-native-community_netinfo:mergeDebugConsumerProguardFiles
> Task :react-native-community_netinfo:prepareDebugArtProfile
> Task :react-native-community_netinfo:prepareLintJarForPublish
> Task :react-native-safe-area-context:stripDebugDebugSymbols NO-SOURCE
> Task :react-native-community_netinfo:mergeDebugJavaResource
> Task :react-native-safe-area-context:copyDebugJniLibsProjectAndLocalJars
> Task :react-native-community_netinfo:syncDebugLibJars
> Task :react-native-community_netinfo:bundleDebugAar
> Task :react-native-community_netinfo:assembleDebug
> Task :react-native-safe-area-context:extractDebugAnnotations
> Task :react-native-safe-area-context:extractDeepLinksForAarDebug
> Task :react-native-safe-area-context:mergeDebugGeneratedProguardFiles
> Task :react-native-safe-area-context:mergeDebugConsumerProguardFiles
> Task :react-native-safe-area-context:prepareDebugArtProfile
> Task :react-native-safe-area-context:prepareLintJarForPublish
> Task :react-native-safe-area-context:mergeDebugJavaResource
> Task :react-native-safe-area-context:syncDebugLibJars
> Task :react-native-safe-area-context:bundleDebugAar
> Task :react-native-safe-area-context:assembleDebug
> Task :react-native-screens:stripDebugDebugSymbols
> Task :react-native-screens:extractDebugAnnotations
> Task :react-native-screens:extractDeepLinksForAarDebug
> Task :react-native-screens:mergeDebugGeneratedProguardFiles
> Task :react-native-screens:mergeDebugConsumerProguardFiles
> Task :react-native-screens:copyDebugJniLibsProjectAndLocalJars
> Task :react-native-screens:prepareDebugArtProfile
> Task :react-native-screens:prepareLintJarForPublish
> Task :react-native-svg:stripDebugDebugSymbols NO-SOURCE
> Task :react-native-screens:mergeDebugJavaResource
> Task :app:stripDebugDebugSymbols
> Task :react-native-svg:copyDebugJniLibsProjectAndLocalJars
> Task :react-native-screens:syncDebugLibJars
> Task :react-native-screens:bundleDebugAar
> Task :react-native-screens:assembleDebug
> Task :react-native-svg:extractDebugAnnotations
> Task :react-native-svg:extractDeepLinksForAarDebug
> Task :react-native-svg:mergeDebugGeneratedProguardFiles
> Task :react-native-svg:mergeDebugConsumerProguardFiles
> Task :react-native-svg:prepareDebugArtProfile
> Task :react-native-svg:prepareLintJarForPublish
> Task :react-native-svg:mergeDebugJavaResource
> Task :app:packageDebug
> Task :app:createDebugApkListingFileRedirect UP-TO-DATE
> Task :app:assembleDebug
> Task :react-native-svg:syncDebugLibJars
> Task :react-native-svg:bundleDebugAar
> Task :react-native-svg:assembleDebug

[Incubating] Problems report is available at: file:///C:/Projetos/EntregasApp/android/build/reports/problems/problems-report.html

Deprecated Gradle features were used in this build, making it incompatible with Gradle 10.

You can use '--warning-mode all' to show the individual deprecation warnings and determine if they come from your own scripts or plugins.

For more on this, please refer to https://docs.gradle.org/9.3.1/userguide/command_line_interface.html#sec:command_line_warnings in the Gradle documentation.

BUILD SUCCESSFUL in 4m 21s
229 actionable tasks: 133 executed, 96 up-to-date
